UDC Initialize
UDC Start
UDC Verbose off
UDC Verbose on
UDC Poll -> SETUP_REQUEST [EP_OUT 0] Type: (HOST_TO_DEVICE,STAND,IFACE) Req: 0 Val: 0 Index: 0 Len: 0
UDC EP_Ready_For_Data [EP_OUT 0] FALSE
USB Class 1 Setup_Request Type: (HOST_TO_DEVICE,STAND,IFACE) Req: 0 Val: 0 Index: 0 Len: 0
UDC EP_Write_Packet [EP_IN 0] ZLP
UDC Poll -> TRANSFER_COMPLETE [EP_IN 0] BCNT: 0
UDC Poll -> SETUP_REQUEST [EP_OUT 0] Type: (HOST_TO_DEVICE,STAND,IFACE) Req: 0 Val: 0 Index: 1 Len: 0
UDC EP_Ready_For_Data [EP_OUT 0] FALSE
USB Class 2 Setup_Request Type: (HOST_TO_DEVICE,STAND,IFACE) Req: 0 Val: 0 Index: 1 Len: 0
UDC EP_Write_Packet [EP_IN 0] ZLP
UDC Poll -> TRANSFER_COMPLETE [EP_IN 0] BCNT: 0
UDC Poll -> SETUP_REQUEST [EP_OUT 0] Type: (HOST_TO_DEVICE,STAND,IFACE) Req: 0 Val: 0 Index: 2 Len: 0
UDC EP_Ready_For_Data [EP_OUT 0] FALSE
UDC EP_Stall [EP_IN 0] TRUE
UDC EP_Stall [EP_OUT 0] TRUE
UDC Poll -> NONE
