UDC Request_Buffer ([EP_OUT 1], Align => 1, Len => 3)
UDC Initialize
UDC Start
UDC Verbose off
UDC Verbose on
UDC Poll -> SETUP_REQUEST [EP_OUT 0] Type: (HOST_TO_DEVICE,STAND,DEV) Req: 9 Val: 1 Index: 0 Len: 0
UDC EP_Ready_For_Data [EP_OUT 0] FALSE
UDC EP_Setup [EP_IN 1] Type: INTERRUPT Max_Size: 3
UDC EP_Write_Packet [EP_IN 0] ZLP
UDC Poll -> TRANSFER_COMPLETE [EP_IN 0] BCNT: 0
UDC Poll -> SETUP_REQUEST [EP_OUT 0] Type: (DEVICE_TO_HOST,STAND,IFACE) Req: 6 Val: 8704 Index: 0 Len: 255
UDC EP_Ready_For_Data [EP_OUT 0] FALSE
UDC EP_Write_Packet [EP_IN 0] 50 bytes
0000_0000_0000_0000: 05 01 09 02 A1 01 09 01 A1 00 05 09 19 01 29 03 ..............).
0000_0000_0000_0010: 15 00 25 01 95 03 75 01 81 02 95 01 75 05 81 03 ..%...u.....u...
0000_0000_0000_0020: 05 01 09 30 09 31 15 81 25 7F 75 08 95 02 81 06 ...0.1..%.u.....
0000_0000_0000_0030: C0 C0                                           ..
UDC Poll -> TRANSFER_COMPLETE [EP_IN 0] BCNT: 50
UDC EP_Ready_For_Data [EP_OUT 0] TRUE
UDC Poll -> TRANSFER_COMPLETE [EP_OUT 0] BCNT: 0
UDC Poll -> NONE
UDC EP_Write_Packet [EP_IN 1] 3 bytes
0000_0000_0000_0000: 00 0A 00                                        ...
UDC Poll -> TRANSFER_COMPLETE [EP_IN 1] BCNT: 3
UDC EP_Setup [EP_IN 1] Type: INTERRUPT Max_Size: 3
UDC Poll -> NONE
UDC EP_Write_Packet [EP_IN 1] 3 bytes
0000_0000_0000_0000: 00 00 F6                                        ...
UDC Poll -> TRANSFER_COMPLETE [EP_IN 1] BCNT: 3
UDC EP_Setup [EP_IN 1] Type: INTERRUPT Max_Size: 3
UDC Poll -> NONE
UDC EP_Write_Packet [EP_IN 1] 3 bytes
0000_0000_0000_0000: 01 00 00                                        ...
UDC Poll -> TRANSFER_COMPLETE [EP_IN 1] BCNT: 3
UDC EP_Setup [EP_IN 1] Type: INTERRUPT Max_Size: 3
UDC Poll -> NONE
