UDC Initialize
UDC Start
UDC Verbose off
UDC Verbose on
UDC Poll -> SETUP_REQUEST [EP_OUT 0] Type: (DEVICE_TO_HOST,STAND,DEV) Req: 6 Val: 512 Index: 0 Len: 255
UDC EP_Ready_For_Data [EP_OUT 0] FALSE
UDC EP_Write_Packet [EP_IN 0] 64 bytes
0000_0000_0000_0000: 09 02 6D 00 02 01 00 80 32 00 00 00 00 00 00 00 ..m.....2.......
0000_0000_0000_0010: 00 00 00 00 00 00 00 00 00 00 00 00 00 00 00 00 ................
0000_0000_0000_0020: 00 00 00 00 00 00 00 00 00 00 00 00 00 00 00 00 ................
0000_0000_0000_0030: 00 00 00 00 00 00 00 00 00 00 00 01 01 01 01 01 ................
UDC Poll -> TRANSFER_COMPLETE [EP_IN 0] BCNT: 64
UDC EP_Write_Packet [EP_IN 0] 45 bytes
0000_0000_0000_0000: 01 01 01 01 01 01 01 01 01 01 01 01 01 01 01 01 ................
0000_0000_0000_0010: 01 01 01 01 01 01 01 01 01 01 01 01 01 01 01 01 ................
0000_0000_0000_0020: 01 01 01 01 01 01 01 01 01 01 01 01 01          .............
UDC Poll -> TRANSFER_COMPLETE [EP_IN 0] BCNT: 45
UDC EP_Ready_For_Data [EP_OUT 0] TRUE
UDC Poll -> TRANSFER_COMPLETE [EP_OUT 0] BCNT: 0
UDC Poll -> NONE
