UDC Initialize
UDC Start
UDC Verbose off
UDC Verbose on
UDC Poll -> SETUP_REQUEST [EP_OUT 0] Type: (DEVICE_TO_HOST,STAND,DEV) Req: 6 Val: 769 Index: 0 Len: 255
UDC EP_Ready_For_Data [EP_OUT 0] FALSE
UDC EP_Write_Packet [EP_IN 0] 26 bytes
0000_0000_0000_0000: 1A 03 4D 00 61 00 6E 00 75 00 66 00 61 00 63 00 ..M.a.n.u.f.a.c.
0000_0000_0000_0010: 74 00 75 00 72 00 65 00 72 00                   t.u.r.e.r.
UDC Poll -> TRANSFER_COMPLETE [EP_IN 0] BCNT: 26
UDC EP_Ready_For_Data [EP_OUT 0] TRUE
UDC Poll -> TRANSFER_COMPLETE [EP_OUT 0] BCNT: 0
UDC Poll -> SETUP_REQUEST [EP_OUT 0] Type: (DEVICE_TO_HOST,STAND,DEV) Req: 6 Val: 770 Index: 0 Len: 255
UDC EP_Ready_For_Data [EP_OUT 0] FALSE
UDC EP_Write_Packet [EP_IN 0] 16 bytes
0000_0000_0000_0000: 10 03 50 00 72 00 6F 00 64 00 75 00 63 00 74 00 ..P.r.o.d.u.c.t.
UDC Poll -> TRANSFER_COMPLETE [EP_IN 0] BCNT: 16
UDC EP_Ready_For_Data [EP_OUT 0] TRUE
UDC Poll -> TRANSFER_COMPLETE [EP_OUT 0] BCNT: 0
UDC Poll -> SETUP_REQUEST [EP_OUT 0] Type: (DEVICE_TO_HOST,STAND,DEV) Req: 6 Val: 771 Index: 0 Len: 255
UDC EP_Ready_For_Data [EP_OUT 0] FALSE
UDC EP_Write_Packet [EP_IN 0] 14 bytes
0000_0000_0000_0000: 0E 03 53 00 65 00 72 00 69 00 61 00 6C 00       ..S.e.r.i.a.l.
UDC Poll -> TRANSFER_COMPLETE [EP_IN 0] BCNT: 14
UDC EP_Ready_For_Data [EP_OUT 0] TRUE
UDC Poll -> TRANSFER_COMPLETE [EP_OUT 0] BCNT: 0
UDC Poll -> SETUP_REQUEST [EP_OUT 0] Type: (DEVICE_TO_HOST,STAND,DEV) Req: 6 Val: 810 Index: 0 Len: 255
UDC EP_Ready_For_Data [EP_OUT 0] FALSE
UDC EP_Stall [EP_IN 0] TRUE
UDC EP_Stall [EP_OUT 0] TRUE
UDC Poll -> NONE
