OK - Align: 1 Len: 1
OK - Align: 2 Len: 1
OK - Align: 4 Len: 1
OK - Align: 8 Len: 1
OK - Align: 16 Len: 1
OK - Align: 32 Len: 1
Allocation failed - Align: 4 Len: 512
